{
  Type: IntrospectionTest.IntrospectionTestController,
  Endpoints: [
    {
      MethodInfo: IntrospectionTest.IntrospectionTestController.IntrospectionTest(Int32 a),
      Parameters: [
        {
          AttributeProvider: a of IntrospectionTest.IntrospectionTestController.IntrospectionTest.IntrospectionTestController.IntrospectionTest(Int32 a),
          Name: a,
          ParameterType: Int32,
          Properties: {
            TestParameterProperty: TestParameterPropertyValue
          }
        }
      ],
      ParameterTree: {
        Children: [
          {
            AttributeProvider: a of IntrospectionTest.IntrospectionTestController.IntrospectionTest.IntrospectionTestController.IntrospectionTest(Int32 a),
            Name: a,
            ParameterType: Int32,
            Properties: {
              TestParameterProperty: TestParameterPropertyValue
            }
          }
        ]
      },
      Properties: {
        TestEndpointProperty: TestEndpointPropertyValue
      }
    },
    {
      MethodInfo: IntrospectionTest.IntrospectionTestController.IntrospectionTestPreventDeconstruction(ControllerInfo controllerInfo),
      Parameters: [
        {
          AttributeProvider: controllerInfo of IntrospectionTest.IntrospectionTestController.IntrospectionTest.IntrospectionTestController.IntrospectionTestPreventDeconstruction(ControllerInfo controllerInfo),
          Name: controllerInfo,
          ParameterType: ControllerInfo,
          Properties: {
            KantaikoParameterProperties:IsHidden: true
          }
        }
      ],
      ParameterTree: {
        Children: [
          {
            AttributeProvider: controllerInfo of IntrospectionTest.IntrospectionTestController.IntrospectionTest.IntrospectionTestController.IntrospectionTestPreventDeconstruction(ControllerInfo controllerInfo),
            Name: controllerInfo,
            ParameterType: ControllerInfo,
            Properties: {
              KantaikoParameterProperties:IsHidden: true
            }
          }
        ]
      }
    },
    {
      MethodInfo: IntrospectionTest.IntrospectionTestController.IntrospectionTestDefault(Int32 a),
      Parameters: [
        {
          AttributeProvider: a of IntrospectionTest.IntrospectionTestController.IntrospectionTest.IntrospectionTestController.IntrospectionTestDefault(Int32 a),
          Name: a,
          IsOptional: true,
          ParameterType: Int32
        }
      ],
      ParameterTree: {
        Children: [
          {
            AttributeProvider: a of IntrospectionTest.IntrospectionTestController.IntrospectionTest.IntrospectionTestController.IntrospectionTestDefault(Int32 a),
            Name: a,
            IsOptional: true,
            ParameterType: Int32
          }
        ]
      }
    }
  ],
  Properties: {
    TestControllerProperty: TestControllerPropertyValue
  }
}